// Jest Snapshot v1, https://goo.gl/fbAQLP

exports[`ManifestFactory read() should return object as Manifest.Json 1`] = `
Object {
  "manifest_version": 3,
  "name": "",
  "version": "1.0.0",
}
`;
